../Core/Src/main.c:57:6:print_to_console	16	static
../Core/Src/main.c:61:6:transmit	16	static
../Core/Src/main.c:89:5:main	128	static
../Core/Src/main.c:176:13:Enter_Standby_Mode	8	static
../Core/Src/main.c:185:6:SystemClock_Config	96	static
../Core/Src/main.c:235:13:MX_ADC1_Init	48	static
../Core/Src/main.c:301:13:MX_RTC_Init	8	static
../Core/Src/main.c:343:13:MX_USART1_UART_Init	8	static
../Core/Src/main.c:378:13:MX_USART2_UART_Init	8	static
../Core/Src/main.c:413:13:MX_GPIO_Init	16	static
../Core/Src/main.c:433:6:Error_Handler	4	static,ignoring_inline_asm
